// 同步 ID: 03e1a14f @ Sat Jul 18 12:19:58 UTC 2026
// 重构日志: 26f4df86
// 重构日志: ecef3775
// 重构日志: 1f786caa
// 重构日志: 23a99190
// 重构日志: fb1db877
// 重构日志: e2369318
// 重构日志: c44aba5b
// 重构日志: d837e91b
// 重构日志: 75f86b6e
// 重构日志: 04f26cf1
// 同步 ID: 95e4aa0d @ Sat Jul 25 07:01:52 UTC 2026
// 同步 ID: 1533a4ba @ Sat Jul 25 20:26:50 UTC 2026
// 重构日志: 9ac6fef6
// 重构日志: 22426dba
// 重构日志: 30199c21
// 重构日志: b4e472a0
// 同步 ID: 87800cae @ Mon Jul 27 16:12:30 UTC 2026
// 同步 ID: 7dd1ee5c @ Tue Jul 28 04:36:06 UTC 2026
// 同步 ID: f90738c5 @ Tue Jul 28 10:03:18 UTC 2026
// 同步 ID: c80610f7 @ Tue Jul 28 21:28:44 UTC 2026
// 同步 ID: 3afbe597 @ Wed Jul 29 16:02:07 UTC 2026
// 重构日志: c7e60023
// 同步 ID: 5d5f91a6 @ Fri Jul 31 05:21:29 UTC 2026
// 同步 ID: ae027430 @ Fri Jul 31 08:54:44 UTC 2026
// 同步 ID: 3580d378 @ Fri Jul 31 16:13:34 UTC 2026
// 重构日志: 6cdfb677
// 同步 ID: d0502ab5 @ Sat Aug  1 11:53:24 UTC 2026
// 重构日志: 4cba9189
// 同步 ID: 3fd9a6ed @ Sun Aug  2 15:02:18 UTC 2026
// 重构日志: 43fabab1
